mode: set
dataanalysis/internal/services/analysis_service.go:20.87,22.2 1 1
dataanalysis/internal/services/analysis_service.go:25.83,27.16 2 1
dataanalysis/internal/services/analysis_service.go:27.16,29.3 1 1
dataanalysis/internal/services/analysis_service.go:30.2,30.18 1 1
dataanalysis/internal/services/analysis_service.go:34.81,36.16 2 1
dataanalysis/internal/services/analysis_service.go:36.16,38.3 1 1
dataanalysis/internal/services/analysis_service.go:39.2,39.18 1 1
dataanalysis/internal/services/analysis_service.go:43.80,45.16 2 1
dataanalysis/internal/services/analysis_service.go:45.16,47.3 1 1
dataanalysis/internal/services/analysis_service.go:48.2,48.18 1 1
dataanalysis/internal/services/analysis_service.go:52.80,54.16 2 1
dataanalysis/internal/services/analysis_service.go:54.16,56.3 1 1
dataanalysis/internal/services/analysis_service.go:57.2,57.18 1 1
dataanalysis/internal/services/analysis_service.go:61.87,63.16 2 1
dataanalysis/internal/services/analysis_service.go:63.16,65.3 1 1
dataanalysis/internal/services/analysis_service.go:66.2,66.21 1 1
dataanalysis/internal/services/analysis_service.go:66.21,68.3 1 1
dataanalysis/internal/services/analysis_service.go:69.2,69.33 1 1
dataanalysis/internal/services/analysis_service.go:73.93,75.16 2 1
dataanalysis/internal/services/analysis_service.go:75.16,77.3 1 1
dataanalysis/internal/services/analysis_service.go:78.2,78.21 1 1
dataanalysis/internal/services/analysis_service.go:78.21,80.3 1 1
dataanalysis/internal/services/analysis_service.go:81.2,81.40 1 1
dataanalysis/internal/services/analysis_service.go:85.61,94.26 8 1
dataanalysis/internal/services/analysis_service.go:94.26,97.29 3 1
dataanalysis/internal/services/analysis_service.go:97.29,99.4 1 1
dataanalysis/internal/services/analysis_service.go:100.3,100.29 1 1
dataanalysis/internal/services/analysis_service.go:100.29,102.4 1 1
dataanalysis/internal/services/analysis_service.go:103.3,103.23 1 1
dataanalysis/internal/services/analysis_service.go:103.23,105.4 1 1
dataanalysis/internal/services/analysis_service.go:106.3,106.23 1 1
dataanalysis/internal/services/analysis_service.go:106.23,108.4 1 1
dataanalysis/internal/services/analysis_service.go:111.2,117.14 7 1
dataanalysis/internal/services/analysis_service.go:121.67,124.26 2 1
dataanalysis/internal/services/analysis_service.go:124.26,125.38 1 1
dataanalysis/internal/services/analysis_service.go:125.38,131.4 1 1
dataanalysis/internal/services/analysis_service.go:132.3,135.31 4 1
dataanalysis/internal/services/analysis_service.go:135.31,137.4 1 1
dataanalysis/internal/services/analysis_service.go:138.3,138.31 1 1
dataanalysis/internal/services/analysis_service.go:138.31,140.4 1 1
dataanalysis/internal/services/analysis_service.go:143.2,144.29 2 1
dataanalysis/internal/services/analysis_service.go:144.29,147.3 2 1
dataanalysis/internal/services/analysis_service.go:148.2,148.15 1 1
dataanalysis/internal/services/analysis_service.go:152.53,153.16 1 1
dataanalysis/internal/services/analysis_service.go:153.16,155.3 1 0
dataanalysis/internal/services/analysis_service.go:157.2,158.33 2 1
dataanalysis/internal/services/analysis_service.go:158.33,159.54 1 1
dataanalysis/internal/services/analysis_service.go:159.54,161.4 1 1
dataanalysis/internal/services/analysis_service.go:162.3,162.33 1 1
dataanalysis/internal/services/analysis_service.go:165.2,165.32 1 0
dataanalysis/internal/repository/analysis_repository.go:22.103,23.19 1 1
dataanalysis/internal/repository/analysis_repository.go:23.19,25.3 1 1
dataanalysis/internal/repository/analysis_repository.go:26.2,26.68 1 1
dataanalysis/internal/repository/analysis_repository.go:30.43,33.25 2 1
dataanalysis/internal/repository/analysis_repository.go:33.25,35.3 1 1
dataanalysis/internal/repository/analysis_repository.go:36.2,36.24 1 1
dataanalysis/internal/repository/analysis_repository.go:36.24,38.3 1 1
dataanalysis/internal/repository/analysis_repository.go:39.2,39.28 1 1
dataanalysis/internal/repository/analysis_repository.go:39.28,41.3 1 1
dataanalysis/internal/repository/analysis_repository.go:43.2,44.30 2 1
dataanalysis/internal/repository/analysis_repository.go:44.30,46.3 1 1
dataanalysis/internal/repository/analysis_repository.go:47.2,47.30 1 1
dataanalysis/internal/repository/analysis_repository.go:47.30,49.3 1 1
dataanalysis/internal/repository/analysis_repository.go:50.2,50.22 1 1
dataanalysis/internal/repository/analysis_repository.go:50.22,52.3 1 1
dataanalysis/internal/repository/analysis_repository.go:54.2,55.28 2 1
dataanalysis/internal/repository/analysis_repository.go:55.28,57.3 1 1
dataanalysis/internal/repository/analysis_repository.go:58.2,58.26 1 1
dataanalysis/internal/repository/analysis_repository.go:58.26,60.3 1 1
dataanalysis/internal/repository/analysis_repository.go:61.2,61.19 1 1
dataanalysis/internal/repository/analysis_repository.go:61.19,63.3 1 1
dataanalysis/internal/repository/analysis_repository.go:65.2,65.14 1 1
dataanalysis/internal/repository/analysis_repository.go:69.98,70.42 1 1
dataanalysis/internal/repository/analysis_repository.go:70.42,72.3 1 1
dataanalysis/internal/repository/analysis_repository.go:74.2,75.16 2 1
dataanalysis/internal/repository/analysis_repository.go:75.16,77.3 1 1
dataanalysis/internal/repository/analysis_repository.go:78.2,81.47 3 1
dataanalysis/internal/repository/analysis_repository.go:81.47,83.3 1 0
dataanalysis/internal/repository/analysis_repository.go:84.2,84.19 1 1
dataanalysis/internal/repository/analysis_repository.go:89.109,90.22 1 1
dataanalysis/internal/repository/analysis_repository.go:90.22,92.3 1 1
dataanalysis/internal/repository/analysis_repository.go:94.2,95.10 2 1
dataanalysis/internal/repository/analysis_repository.go:95.10,97.3 1 1
dataanalysis/internal/repository/analysis_repository.go:99.2,103.16 4 1
dataanalysis/internal/repository/analysis_repository.go:103.16,105.3 1 0
dataanalysis/internal/repository/analysis_repository.go:106.2,106.19 1 1
dataanalysis/internal/repository/analysis_repository_interface.go:20.35,21.11 1 1
dataanalysis/internal/repository/analysis_repository_interface.go:22.45,23.14 1 1
dataanalysis/internal/repository/analysis_repository_interface.go:24.10,25.15 1 1
dataanalysis/internal/repository/analysis_repository_interface.go:46.38,47.81 1 1
dataanalysis/internal/repository/analysis_repository_interface.go:47.81,49.3 1 1
dataanalysis/internal/repository/analysis_repository_interface.go:50.2,50.69 1 1
dataanalysis/internal/repository/analysis_repository_interface.go:50.69,52.3 1 1
dataanalysis/internal/repository/analysis_repository_interface.go:53.2,53.40 1 1
dataanalysis/internal/repository/analysis_repository_interface.go:53.40,55.3 1 1
dataanalysis/internal/repository/analysis_repository_interface.go:56.2,56.12 1 1
dataanalysis/internal/repository/repository_errors.go:60.36,61.23 1 1
dataanalysis/internal/repository/repository_errors.go:61.23,63.3 1 1
dataanalysis/internal/repository/repository_errors.go:64.2,64.67 1 1
dataanalysis/internal/repository/repository_errors.go:68.36,70.2 1 1
dataanalysis/internal/repository/repository_errors.go:72.83,74.2 1 1
dataanalysis/internal/repository/repository_errors.go:83.49,83.50 0 1
dataanalysis/internal/repository/repository_errors.go:96.89,97.16 1 1
dataanalysis/internal/repository/repository_errors.go:97.16,99.3 1 1
dataanalysis/internal/repository/repository_errors.go:100.2,100.19 1 1
dataanalysis/internal/repository/repository_errors.go:100.19,102.3 1 1
dataanalysis/internal/repository/repository_errors.go:104.2,111.42 2 1
dataanalysis/internal/repository/repository_errors.go:111.42,113.3 1 1
dataanalysis/internal/repository/repository_errors.go:114.2,114.40 1 1
dataanalysis/internal/repository/repository_errors.go:114.40,116.3 1 1
dataanalysis/internal/repository/repository_errors.go:117.2,117.49 1 1
dataanalysis/internal/repository/repository_errors.go:117.49,119.3 1 1
dataanalysis/internal/repository/repository_errors.go:122.2,123.29 2 1
dataanalysis/internal/repository/repository_errors.go:123.29,125.3 1 1
dataanalysis/internal/repository/repository_errors.go:128.2,128.30 1 1
dataanalysis/internal/repository/repository_errors.go:132.87,133.18 1 1
dataanalysis/internal/repository/repository_errors.go:134.10,135.65 1 1
dataanalysis/internal/repository/repository_errors.go:136.20,137.73 1 1
dataanalysis/internal/repository/repository_errors.go:138.17,139.69 1 1
dataanalysis/internal/repository/repository_errors.go:140.10,146.4 1 1
dataanalysis/internal/repository/repository_errors.go:152.55,155.36 2 1
dataanalysis/internal/repository/repository_errors.go:155.36,156.31 1 1
dataanalysis/internal/repository/repository_errors.go:156.31,158.4 1 1
dataanalysis/internal/repository/repository_errors.go:160.2,160.36 1 1
dataanalysis/internal/repository/repository_errors.go:160.36,161.31 1 1
dataanalysis/internal/repository/repository_errors.go:161.31,163.4 1 1
dataanalysis/internal/repository/repository_errors.go:165.2,165.35 1 1
dataanalysis/internal/repository/repository_errors.go:165.35,166.31 1 1
dataanalysis/internal/repository/repository_errors.go:166.31,168.4 1 1
dataanalysis/internal/repository/repository_errors.go:171.2,171.60 1 1
dataanalysis/internal/controllers/analysis-controller.go:19.91,21.2 1 1
dataanalysis/internal/controllers/analysis-controller.go:24.61,26.16 2 1
dataanalysis/internal/controllers/analysis-controller.go:26.16,29.3 2 1
dataanalysis/internal/controllers/analysis-controller.go:30.2,30.31 1 1
dataanalysis/internal/controllers/analysis-controller.go:34.59,36.16 2 1
dataanalysis/internal/controllers/analysis-controller.go:36.16,39.3 2 1
dataanalysis/internal/controllers/analysis-controller.go:40.2,40.31 1 1
dataanalysis/internal/controllers/analysis-controller.go:44.58,46.16 2 1
dataanalysis/internal/controllers/analysis-controller.go:46.16,49.3 2 1
dataanalysis/internal/controllers/analysis-controller.go:50.2,50.31 1 1
dataanalysis/internal/controllers/analysis-controller.go:54.58,56.16 2 1
dataanalysis/internal/controllers/analysis-controller.go:56.16,59.3 2 1
dataanalysis/internal/controllers/analysis-controller.go:60.2,60.31 1 1
dataanalysis/internal/controllers/analysis-controller.go:64.57,66.16 2 1
dataanalysis/internal/controllers/analysis-controller.go:66.16,69.3 2 1
dataanalysis/internal/controllers/analysis-controller.go:70.2,70.32 1 1
dataanalysis/internal/controllers/analysis-controller.go:74.64,76.16 2 1
dataanalysis/internal/controllers/analysis-controller.go:76.16,79.3 2 1
dataanalysis/internal/controllers/analysis-controller.go:80.2,80.32 1 1
dataanalysis/internal/controllers/analysis-controller.go:90.70,92.32 2 1
dataanalysis/internal/controllers/analysis-controller.go:92.32,98.3 2 1
dataanalysis/internal/controllers/analysis-controller.go:100.2,100.46 1 1
dataanalysis/internal/controllers/analysis-controller.go:100.46,106.3 2 1
dataanalysis/internal/controllers/analysis-controller.go:108.2,111.4 1 1
